
> simocasino@1.0.0 build
> next build

   Γû▓ Next.js 15.5.14
   - Environments: .env.local, .env
   - Experiments (use with caution):
     ┬╖ optimizePackageImports

   Creating an optimized production build ...
node.exe : Failed to compile.
At line:1 char:1
+ & "C:\Program Files\nodejs/node.exe" "C:\Program Files\nodejs/node_mo ...
+ ~~~~~~~~~~~~~~~~~~~~~~~~~~~~~~~~~~~~~~~~~~~~~~~~~~~~~~~~~~~~~~~~~~~~~
    + CategoryInfo          : NotSpecified: (Failed to compile.:String) [], RemoteException
    + FullyQualifiedErrorId : NativeCommandError
 

./app/guides/page.tsx
Error:   [31mx[0m Expression expected
    ,-[[36;1;4mC:\Users\simoo\OneDrive\Bureau\SIMOCASINO\app\guides\page.tsx[0m:19:1]
 [2m16[0m |   
 [2m17[0m |   const guides = [
 [2m18[0m |   
 [2m19[0m |   const guides = [
    : [35;1m  ^^^^^[0m
 [2m20[0m |     {
 [2m21[0m |       slug: 'how-to-play-slots',
 [2m21[0m |       titleKey: 'guide_slots_title',
    `----

Caused by:
    Syntax Error

Import trace for requested module:
./app/guides/page.tsx


> Build failed because of webpack errors
